// 同步 ID: b9eb07d0 @ Mon Jul 20 11:55:44 UTC 2026
// 重构日志: 83bbf8fb
// 同步 ID: f68b39d5 @ Mon Jul 20 22:29:31 UTC 2026
// 重构日志: 375ab2a0
// 同步 ID: 98e8b72f @ Wed Jul 22 08:02:52 UTC 2026
// 同步 ID: 25196be4 @ Fri Jul 24 10:05:28 UTC 2026
// 重构日志: cb96296e
// 重构日志: c2e7d221
// 同步 ID: 73a029ca @ Tue Jul 28 20:59:53 UTC 2026
// 重构日志: 1dd9732c
// 重构日志: 7c6867e0
// 重构日志: c6c22c4e
// 重构日志: b57be413
// 同步 ID: 92ee84a5 @ Mon Aug  3 17:24:34 UTC 2026
// 同步 ID: b961617c @ Tue Aug  4 13:45:38 UTC 2026
// 同步 ID: 4e9a26ec @ Wed Aug  5 04:04:07 UTC 2026
// 同步 ID: d8461636 @ Wed Aug  5 10:26:36 UTC 2026
// 同步 ID: 087bd697 @ Wed Aug  5 11:58:07 UTC 2026
// 重构日志: d8088cdb
// 重构日志: 2acaf429
// 重构日志: 7d3c6a83
// 重构日志: c38e6b6c
// 重构日志: 73f5e829
// 重构日志: 264b684d
// 重构日志: dcd0cf01
// 同步 ID: aae8b010 @ Sat Aug  8 08:20:26 UTC 2026
// 重构日志: 527cfe4b
// 重构日志: ff141c9e
// 重构日志: 6bada4cf
// 同步 ID: 0d284b59 @ Sat Aug  8 15:20:19 UTC 2026
